// Jest Snapshot v1, https://goo.gl/fbAQLP

exports[`SelectValueRenderer should match snapshot 1`] = `
<Wrapper>
  girls
</Wrapper>
`;

exports[`Wrapper should match snapshot 1`] = `
.c0 {
  white-space: pre;
  overflow: hidden;
  text-overflow: ellipsis;
  width: calc(100% - 20px);
}

.c0:after {
  content: url(".styledComponentId");
  position: absolute;
  top: 0.55rem;
  right: 0.55rem;
  -webkit-transition: opacity 0.15s;
  transition: opacity 0.15s;
  opacity: 0;
}

.c0:hover,
.c0:focus {
  cursor: pointer;
}

.c0:hover:after,
.c0:focus:after {
  opacity: 1;
}

<Wrapper>
  <StyledComponent
    forwardedComponent={
      Object {
        "$$typeof": Symbol(react.forward_ref),
        "attrs": Array [],
        "componentStyle": ComponentStyle {
          "componentId": "SelectValueRenderer__Wrapper-sc-1ccrjb7-0",
          "isStatic": false,
          "lastClassName": "c0",
          "rules": Array [
            "white-space:pre;overflow:hidden;text-overflow:ellipsis;width:calc(100% - 20px);:after{content:url(\\"",
            ".styledComponentId",
            "\\");position:absolute;top:0.55rem;right:0.55rem;transition:opacity 0.15s;opacity:0;}:hover,:focus{cursor:pointer;:after{opacity:1;}}",
          ],
        },
        "displayName": "Wrapper",
        "foldedComponentIds": Array [],
        "render": [Function],
        "styledComponentId": "SelectValueRenderer__Wrapper-sc-1ccrjb7-0",
        "target": "div",
        "toString": [Function],
        "warnTooManyClasses": [Function],
        "withComponent": [Function],
      }
    }
    forwardedRef={null}
  >
    <div
      className="c0"
    />
  </StyledComponent>
</Wrapper>
`;
